###############################################################################
#
# IAR ELF Linker V8.32.1.169/W32 for ARM                  30/Jun/2019  01:13:39
# Copyright 2007-2018 IAR Systems AB.
#
#    Output file  =  
#        D:\Code\IAR_NUCLEOF103_Template\Debug\Exe\NucleoF103IARTemplate.out
#    Map file     =  
#        D:\Code\IAR_NUCLEOF103_Template\Debug\List\NucleoF103IARTemplate.map
#    Command line =  
#        -f C:\Users\Impulse\AppData\Local\Temp\EWBF78.tmp
#        (D:\Code\IAR_NUCLEOF103_Template\Debug\Obj\main.o
#        D:\Code\IAR_NUCLEOF103_Template\Debug\Obj\misc.o
#        D:\Code\IAR_NUCLEOF103_Template\Debug\Obj\startup_stm32f10x_md.o
#        D:\Code\IAR_NUCLEOF103_Template\Debug\Obj\stm32f10x_gpio.o
#        D:\Code\IAR_NUCLEOF103_Template\Debug\Obj\stm32f10x_rcc.o
#        D:\Code\IAR_NUCLEOF103_Template\Debug\Obj\stm32f10x_usart.o
#        D:\Code\IAR_NUCLEOF103_Template\Debug\Obj\system_stm32f10x.o
#        --no_out_extension -o
#        D:\Code\IAR_NUCLEOF103_Template\Debug\Exe\NucleoF103IARTemplate.out
#        --redirect _Printf=_PrintfFullNoMb --redirect _Scanf=_ScanfFullNoMb
#        --map
#        D:\Code\IAR_NUCLEOF103_Template\Debug\List\NucleoF103IARTemplate.map
#        --config D:\Softwares\IAR\arm\config\linker\ST\stm32f103xB.icf
#        --semihosting --entry __iar_program_start --vfe --text_out locale)
#
###############################################################################

*******************************************************************************
*** RUNTIME MODEL ATTRIBUTES
***

CppFlavor       = *
__SystemLibrary = DLib
__dlib_version  = 6


*******************************************************************************
*** HEAP SELECTION
***

The basic heap was selected because no calls to memory allocation
functions were found in the application outside of system library
functions, and there are calls to deallocation functions in the
application.


*******************************************************************************
*** PLACEMENT SUMMARY
***

"A0":  place at 0x800'0000 { ro section .intvec };
"P1":  place in [from 0x800'0000 to 0x801'ffff] { ro };
define block CSTACK with size = 1K, alignment = 8 { };
define block HEAP with size = 512, alignment = 8 { };
"P2":  place in [from 0x2000'0000 to 0x2000'4fff] {
          rw, block CSTACK, block HEAP };
initialize by copy { rw };

  Section            Kind         Address   Size  Object
  -------            ----         -------   ----  ------
"A0":                                       0xec
  .intvec            ro code   0x800'0000   0xec  startup_stm32f10x_md.o [1]
                             - 0x800'00ec   0xec

"P1":                                      0x654
  .text              ro code   0x800'00ec  0x118  system_stm32f10x.o [1]
  .text              ro code   0x800'0204  0x100  stm32f10x_rcc.o [1]
  .text              ro code   0x800'0304   0xe8  stm32f10x_usart.o [1]
  .text              ro code   0x800'03ec   0xd2  stm32f10x_gpio.o [1]
  .text              ro code   0x800'04c0   0xd0  main.o [1]
  .text              ro code   0x800'0590   0x2c  copy_init3.o [3]
  .text              ro code   0x800'05bc   0x28  data_init.o [3]
  .iar.init_table    const     0x800'05e4   0x14  - Linker created -
  .text              ro code   0x800'05f8   0x1e  cmain.o [3]
  .text              ro code   0x800'0616    0x4  low_level_init.o [2]
  .text              ro code   0x800'061a    0x4  exit.o [2]
  .text              ro code   0x800'0620    0xa  cexit.o [3]
  .text              ro code   0x800'062c   0x14  exit.o [4]
  Initializer bytes  const     0x800'0640   0x14  <for P2-1>
  .text              ro code   0x800'0654   0x10  startup_stm32f10x_md.o [1]
  .text              ro code   0x800'0664    0xc  cstartup_M.o [3]
  .text              ro code   0x800'0670    0x4  startup_stm32f10x_md.o [1]
  .text              ro code   0x800'0674    0x4  startup_stm32f10x_md.o [1]
  .text              ro code   0x800'0678    0x4  startup_stm32f10x_md.o [1]
  .text              ro code   0x800'067c    0x4  startup_stm32f10x_md.o [1]
  .text              ro code   0x800'0680    0x4  startup_stm32f10x_md.o [1]
  .text              ro code   0x800'0684    0x4  startup_stm32f10x_md.o [1]
  .text              ro code   0x800'0688    0x4  startup_stm32f10x_md.o [1]
  .text              ro code   0x800'068c    0x4  startup_stm32f10x_md.o [1]
  .text              ro code   0x800'0690    0x4  startup_stm32f10x_md.o [1]
  .text              ro code   0x800'0694    0x4  startup_stm32f10x_md.o [1]
  .text              ro code   0x800'0698    0x4  startup_stm32f10x_md.o [1]
  .text              ro code   0x800'069c    0x4  startup_stm32f10x_md.o [1]
  .text              ro code   0x800'06a0    0x4  startup_stm32f10x_md.o [1]
  .text              ro code   0x800'06a4    0x4  startup_stm32f10x_md.o [1]
  .text              ro code   0x800'06a8    0x4  startup_stm32f10x_md.o [1]
  .text              ro code   0x800'06ac    0x4  startup_stm32f10x_md.o [1]
  .text              ro code   0x800'06b0    0x4  startup_stm32f10x_md.o [1]
  .text              ro code   0x800'06b4    0x4  startup_stm32f10x_md.o [1]
  .text              ro code   0x800'06b8    0x4  startup_stm32f10x_md.o [1]
  .text              ro code   0x800'06bc    0x4  startup_stm32f10x_md.o [1]
  .text              ro code   0x800'06c0    0x4  startup_stm32f10x_md.o [1]
  .text              ro code   0x800'06c4    0x4  startup_stm32f10x_md.o [1]
  .text              ro code   0x800'06c8    0x4  startup_stm32f10x_md.o [1]
  .text              ro code   0x800'06cc    0x4  startup_stm32f10x_md.o [1]
  .text              ro code   0x800'06d0    0x4  startup_stm32f10x_md.o [1]
  .text              ro code   0x800'06d4    0x4  startup_stm32f10x_md.o [1]
  .text              ro code   0x800'06d8    0x4  startup_stm32f10x_md.o [1]
  .text              ro code   0x800'06dc    0x4  startup_stm32f10x_md.o [1]
  .text              ro code   0x800'06e0    0x4  startup_stm32f10x_md.o [1]
  .text              ro code   0x800'06e4    0x4  startup_stm32f10x_md.o [1]
  .text              ro code   0x800'06e8    0x4  startup_stm32f10x_md.o [1]
  .text              ro code   0x800'06ec    0x4  startup_stm32f10x_md.o [1]
  .text              ro code   0x800'06f0    0x4  startup_stm32f10x_md.o [1]
  .text              ro code   0x800'06f4    0x4  startup_stm32f10x_md.o [1]
  .text              ro code   0x800'06f8    0x4  startup_stm32f10x_md.o [1]
  .text              ro code   0x800'06fc    0x4  startup_stm32f10x_md.o [1]
  .text              ro code   0x800'0700    0x4  startup_stm32f10x_md.o [1]
  .text              ro code   0x800'0704    0x4  startup_stm32f10x_md.o [1]
  .text              ro code   0x800'0708    0x4  startup_stm32f10x_md.o [1]
  .text              ro code   0x800'070c    0x4  startup_stm32f10x_md.o [1]
  .text              ro code   0x800'0710    0x4  startup_stm32f10x_md.o [1]
  .text              ro code   0x800'0714    0x4  startup_stm32f10x_md.o [1]
  .text              ro code   0x800'0718    0x4  startup_stm32f10x_md.o [1]
  .text              ro code   0x800'071c    0x4  startup_stm32f10x_md.o [1]
  .text              ro code   0x800'0720    0x4  startup_stm32f10x_md.o [1]
  .text              ro code   0x800'0724    0x4  startup_stm32f10x_md.o [1]
  .text              ro code   0x800'0728    0x4  startup_stm32f10x_md.o [1]
  .text              ro code   0x800'072c    0x4  startup_stm32f10x_md.o [1]
  .text              ro code   0x800'0730    0x4  startup_stm32f10x_md.o [1]
  .text              ro code   0x800'0734    0x4  startup_stm32f10x_md.o [1]
  .text              ro code   0x800'0738    0x4  startup_stm32f10x_md.o [1]
  .text              ro code   0x800'073c    0x4  startup_stm32f10x_md.o [1]
  .rodata            const     0x800'0740    0x0  copy_init3.o [3]
                             - 0x800'0740  0x654

"P2", part 1 of 2:                          0x14
  P2-1                        0x2000'0000   0x14  <Init block>
    .data            inited   0x2000'0000   0x10  stm32f10x_rcc.o [1]
    .data            inited   0x2000'0010    0x4  stm32f10x_rcc.o [1]
                            - 0x2000'0014   0x14

"P2", part 2 of 2:                         0x400
  CSTACK                      0x2000'0018  0x400  <Block>
    CSTACK           uninit   0x2000'0018  0x400  <Block tail>
                            - 0x2000'0418  0x400

Unused ranges:

         From           To      Size
         ----           --      ----
   0x800'0740   0x801'ffff  0x1'f8c0
  0x2000'0014  0x2000'0017       0x4
  0x2000'0418  0x2000'4fff    0x4be8


*******************************************************************************
*** INIT TABLE
***

          Address      Size
          -------      ----
Copy (__iar_copy_init3)
    1 source range, total size 0x14:
           0x800'0640  0x14
    1 destination range, total size 0x14:
          0x2000'0000  0x14



*******************************************************************************
*** MODULE SUMMARY
***

    Module                  ro code  ro data  rw data
    ------                  -------  -------  -------
command line/config:
    -------------------------------------------------
    Total:

D:\Code\IAR_NUCLEOF103_Template\Debug\Obj: [1]
    main.o                      208
    startup_stm32f10x_md.o      460
    stm32f10x_gpio.o            210
    stm32f10x_rcc.o             256       20       20
    stm32f10x_usart.o           232
    system_stm32f10x.o          280
    -------------------------------------------------
    Total:                    1 646       20       20

dl7M_tln.a: [2]
    exit.o                        4
    low_level_init.o              4
    -------------------------------------------------
    Total:                        8

rt7M_tl.a: [3]
    cexit.o                      10
    cmain.o                      30
    copy_init3.o                 44
    cstartup_M.o                 12
    data_init.o                  40
    -------------------------------------------------
    Total:                      136

shb_l.a: [4]
    exit.o                       20
    -------------------------------------------------
    Total:                       20

    Gaps                          6
    Linker created                        20    1 024
-----------------------------------------------------
    Grand Total:              1 816       40    1 044


*******************************************************************************
*** ENTRY LIST
***

Entry                       Address  Size  Type      Object
-----                       -------  ----  ----      ------
.iar.init_table$$Base    0x800'05e4         --   Gb  - Linker created -
.iar.init_table$$Limit   0x800'05f8         --   Gb  - Linker created -
?main                    0x800'05f9        Code  Gb  cmain.o [3]
ADCPrescTable           0x2000'0010   0x4  Data  Lc  stm32f10x_rcc.o [1]
APBAHBPrescTable        0x2000'0000  0x10  Data  Lc  stm32f10x_rcc.o [1]
CSTACK$$Base            0x2000'0018         --   Gb  - Linker created -
CSTACK$$Limit           0x2000'0418         --   Gb  - Linker created -
GPIO_Init                0x800'03ed  0xc0  Code  Gb  stm32f10x_gpio.o [1]
GPIO_WriteBit            0x800'04ad  0x12  Code  Gb  stm32f10x_gpio.o [1]
RCC_APB1PeriphClockCmd   0x800'02cd  0x1c  Code  Gb  stm32f10x_rcc.o [1]
RCC_APB2PeriphClockCmd   0x800'02b1  0x1c  Code  Gb  stm32f10x_rcc.o [1]
RCC_GetClocksFreq        0x800'0205  0xac  Code  Gb  stm32f10x_rcc.o [1]
Region$$Table$$Base      0x800'05e4         --   Gb  - Linker created -
Region$$Table$$Limit     0x800'05f8         --   Gb  - Linker created -
SetSysClock              0x800'0131   0x8  Code  Lc  system_stm32f10x.o [1]
SetSysClockTo72          0x800'0139  0xae  Code  Lc  system_stm32f10x.o [1]
SystemInit               0x800'00ed  0x44  Code  Gb  system_stm32f10x.o [1]
USART_Cmd                0x800'03c9  0x1c  Code  Gb  stm32f10x_usart.o [1]
USART_Init               0x800'0305  0xbc  Code  Gb  stm32f10x_usart.o [1]
USART_SendData           0x800'03e5   0x8  Code  Gb  stm32f10x_usart.o [1]
__cmain                  0x800'05f9        Code  Gb  cmain.o [3]
__exit                   0x800'062d  0x14  Code  Gb  exit.o [4]
__iar_copy_init3         0x800'0591  0x2c  Code  Gb  copy_init3.o [3]
__iar_data_init3         0x800'05bd  0x28  Code  Gb  data_init.o [3]
__iar_program_start      0x800'0665        Code  Gb  cstartup_M.o [3]
__low_level_init         0x800'0617   0x4  Code  Gb  low_level_init.o [2]
__vector_table           0x800'0000        Data  Gb  startup_stm32f10x_md.o [1]
_call_main               0x800'0605        Code  Gb  cmain.o [3]
_exit                    0x800'0621        Code  Gb  cexit.o [3]
_main                    0x800'0613        Code  Gb  cmain.o [3]
delay                    0x800'04c1  0x1a  Code  Gb  main.o [1]
exit                     0x800'061b   0x4  Code  Gb  exit.o [2]
main                     0x800'04db  0xae  Code  Gb  main.o [1]


[1] = D:\Code\IAR_NUCLEOF103_Template\Debug\Obj
[2] = dl7M_tln.a
[3] = rt7M_tl.a
[4] = shb_l.a

  1 816 bytes of readonly  code memory
     40 bytes of readonly  data memory
  1 044 bytes of readwrite data memory

Errors: none
Warnings: none
